\BOOKMARK [2][-]{subsection.0.1}{\376\377\000M\000o\000t\000i\000v\000a\000t\000i\000n\000g\000\040\000E\000x\000a\000m\000p\000l\000e\000:\000\040\000E\000v\000i\000d\000e\000n\000c\000e\000\040\000I\000s\000\040\000N\000o\000t\000\040\000A\000u\000t\000h\000o\000r\000i\000t\000y}{}% 1
\BOOKMARK [2][-]{subsection.0.2}{\376\377\000A\000\040\000F\000a\000m\000i\000l\000i\000a\000r\000\040\000W\000a\000y\000\040\000t\000o\000\040\000R\000e\000a\000d\000\040\000S\000R\000P}{}% 2
\BOOKMARK [2][-]{subsection.0.3}{\376\377\000W\000h\000e\000n\000\040\000S\000R\000P\000\040\000I\000s\000\040\000L\000e\000s\000s\000\040\000U\000s\000e\000f\000u\000l}{}% 3
\BOOKMARK [1][-]{section.1}{\376\377\000R\000e\000l\000a\000t\000e\000d\000\040\000W\000o\000r\000k}{}% 4
\BOOKMARK [2][-]{subsection.1.1}{\376\377\000P\000o\000s\000i\000t\000i\000o\000n\000i\000n\000g\000\040\000o\000f\000\040\000S\000R\000P}{section.1}% 5
\BOOKMARK [2][-]{subsection.1.2}{\376\377\000C\000o\000n\000c\000r\000e\000t\000e\000\040\000P\000r\000i\000o\000r\000\040\000S\000y\000s\000t\000e\000m\000s}{section.1}% 6
\BOOKMARK [2][-]{subsection.1.3}{\376\377\000R\000u\000n\000t\000i\000m\000e\000\040\000V\000e\000r\000i\000f\000i\000c\000a\000t\000i\000o\000n\000\040\000a\000n\000d\000\040\000C\000o\000n\000t\000r\000o\000l\000l\000e\000d\000\040\000S\000t\000a\000t\000e\000\040\000T\000r\000a\000n\000s\000i\000t\000i\000o\000n}{section.1}% 7
\BOOKMARK [2][-]{subsection.1.4}{\376\377\000S\000c\000o\000p\000e\000\040\000o\000f\000\040\000C\000l\000a\000i\000m\000s}{section.1}% 8
\BOOKMARK [1][-]{section.2}{\376\377\000M\000e\000t\000h\000o\000d}{}% 9
\BOOKMARK [2][-]{subsection.2.1}{\376\377\000S\000e\000m\000a\000n\000t\000i\000c\000\040\000R\000u\000n\000t\000i\000m\000e\000\040\000S\000t\000a\000t\000e\000\040\000a\000n\000d\000\040\000G\000o\000v\000e\000r\000n\000e\000d\000\040\000T\000r\000a\000n\000s\000i\000t\000i\000o\000n}{section.2}% 10
\BOOKMARK [2][-]{subsection.2.2}{\376\377\000R\000u\000n\000t\000i\000m\000e\000\040\000S\000t\000a\000t\000e\000\040\000R\000e\000p\000r\000e\000s\000e\000n\000t\000a\000t\000i\000o\000n}{section.2}% 11
\BOOKMARK [2][-]{subsection.2.3}{\376\377\000C\000o\000n\000t\000r\000o\000l\000l\000e\000d\000\040\000T\000r\000a\000n\000s\000i\000t\000i\000o\000n\000\040\000P\000i\000p\000e\000l\000i\000n\000e}{section.2}% 12
\BOOKMARK [2][-]{subsection.2.4}{\376\377\000A\000u\000t\000h\000o\000r\000i\000t\000y\000\040\000S\000e\000p\000a\000r\000a\000t\000i\000o\000n}{section.2}% 13
\BOOKMARK [2][-]{subsection.2.5}{\376\377\000A\000l\000g\000o\000r\000i\000t\000h\000m\000i\000c\000\040\000C\000o\000r\000e}{section.2}% 14
\BOOKMARK [2][-]{subsection.2.6}{\376\377\000P\000r\000o\000p\000o\000s\000i\000t\000i\000o\000n\000\040\0001\000:\000\040\000A\000u\000t\000h\000o\000r\000i\000t\000y\000\040\000I\000n\000d\000e\000p\000e\000n\000d\000e\000n\000c\000e}{section.2}% 15
\BOOKMARK [2][-]{subsection.2.7}{\376\377\000D\000e\000s\000i\000g\000n\000\040\000P\000r\000o\000p\000e\000r\000t\000i\000e\000s}{section.2}% 16
\BOOKMARK [2][-]{subsection.2.8}{\376\377\000G\000o\000v\000e\000r\000n\000a\000n\000c\000e\000\040\000P\000r\000o\000p\000e\000r\000t\000i\000e\000s}{section.2}% 17
\BOOKMARK [2][-]{subsection.2.9}{\376\377\000F\000i\000g\000u\000r\000e\000s\000\040\000a\000n\000d\000\040\000P\000o\000s\000i\000t\000i\000o\000n\000i\000n\000g\000\040\000S\000u\000m\000m\000a\000r\000y}{section.2}% 18
\BOOKMARK [1][-]{section.3}{\376\377\000E\000x\000p\000e\000r\000i\000m\000e\000n\000t\000s}{}% 19
\BOOKMARK [2][-]{subsection.3.1}{\376\377\000E\000v\000i\000d\000e\000n\000c\000e\000\040\000T\000r\000a\000c\000e\000a\000b\000i\000l\000i\000t\000y}{section.3}% 20
\BOOKMARK [2][-]{subsection.3.2}{\376\377\000S\000e\000m\000a\000n\000t\000i\000c\000\040\000P\000r\000e\000s\000s\000u\000r\000e\000\040\000C\000o\000v\000e\000r\000a\000g\000e}{section.3}% 21
\BOOKMARK [2][-]{subsection.3.3}{\376\377\000G\000o\000v\000e\000r\000n\000a\000n\000c\000e\000\040\000P\000r\000o\000p\000e\000r\000t\000y\000\040\000V\000e\000r\000i\000f\000i\000c\000a\000t\000i\000o\000n}{section.3}% 22
\BOOKMARK [2][-]{subsection.3.4}{\376\377\000I\000m\000p\000l\000e\000m\000e\000n\000t\000a\000t\000i\000o\000n\000\040\000C\000a\000s\000e\000\040\000S\000t\000u\000d\000y\000:\000\040\000G\000o\000v\000e\000r\000n\000e\000d\000\040\000S\000e\000m\000a\000n\000t\000i\000c\000\040\000R\000e\000c\000o\000n\000s\000t\000r\000u\000c\000t\000i\000o\000n}{section.3}% 23
\BOOKMARK [3][-]{section*.1}{\376\377\000P\000u\000r\000p\000o\000s\000e}{subsection.3.4}% 24
\BOOKMARK [3][-]{section*.2}{\376\377\000E\000v\000a\000l\000u\000a\000t\000i\000o\000n\000\040\000S\000e\000t\000u\000p}{subsection.3.4}% 25
\BOOKMARK [3][-]{section*.3}{\376\377\000R\000e\000s\000u\000l\000t\000s}{subsection.3.4}% 26
\BOOKMARK [3][-]{section*.4}{\376\377\000I\000n\000t\000e\000r\000p\000r\000e\000t\000a\000t\000i\000o\000n}{subsection.3.4}% 27
\BOOKMARK [2][-]{subsection.3.5}{\376\377\000T\000r\000a\000n\000s\000i\000t\000i\000o\000n\000\040\000C\000o\000n\000f\000i\000g\000u\000r\000a\000t\000i\000o\000n\000\040\000S\000e\000n\000s\000i\000t\000i\000v\000i\000t\000y}{section.3}% 28
\BOOKMARK [2][-]{subsection.3.6}{\376\377\000R\000u\000n\000t\000i\000m\000e\000\040\000C\000o\000s\000t}{section.3}% 29
\BOOKMARK [2][-]{subsection.3.7}{\376\377\000R\000o\000b\000u\000s\000t\000n\000e\000s\000s}{section.3}% 30
\BOOKMARK [2][-]{subsection.3.8}{\376\377\000E\000x\000t\000e\000r\000n\000a\000l\000\040\000E\000v\000i\000d\000e\000n\000c\000e\000\040\000P\000a\000c\000k\000a\000g\000e\000\040\000V\000a\000l\000i\000d\000a\000t\000i\000o\000n}{section.3}% 31
\BOOKMARK [3][-]{section*.5}{\376\377\000E\000x\000t\000e\000r\000n\000a\000l\000\040\000R\000u\000n\000t\000i\000m\000e\000\040\000C\000o\000m\000p\000a\000t\000i\000b\000i\000l\000i\000t\000y\000\040\000V\000a\000l\000i\000d\000a\000t\000i\000o\000n}{subsection.3.8}% 32
\BOOKMARK [1][-]{section.4}{\376\377\000D\000i\000s\000c\000u\000s\000s\000i\000o\000n}{}% 33
\BOOKMARK [2][-]{subsection.4.1}{\376\377\000A\000p\000p\000l\000i\000c\000a\000b\000i\000l\000i\000t\000y\000\040\000t\000o\000\040\000L\000L\000M\000-\000b\000a\000s\000e\000d\000\040\000S\000e\000m\000a\000n\000t\000i\000c\000\040\000S\000y\000s\000t\000e\000m\000s}{section.4}% 34
\BOOKMARK [1][-]{section.5}{\376\377\000L\000i\000m\000i\000t\000a\000t\000i\000o\000n\000s\000\040\000a\000n\000d\000\040\000F\000u\000t\000u\000r\000e\000\040\000W\000o\000r\000k}{}% 35
\BOOKMARK [1][-]{section.6}{\376\377\000C\000o\000n\000c\000l\000u\000s\000i\000o\000n}{}% 36
\BOOKMARK [1][-]{section.7}{\376\377\000R\000e\000f\000e\000r\000e\000n\000c\000e\000s\000\040\000\050\000s\000e\000l\000e\000c\000t\000e\000d\000\051}{}% 37
\BOOKMARK [1][-]{appendix.A}{\376\377\000E\000v\000i\000d\000e\000n\000c\000e\000\040\000P\000r\000o\000v\000e\000n\000a\000n\000c\000e\000\040\000a\000n\000d\000\040\000A\000r\000t\000i\000f\000a\000c\000t\000\040\000M\000a\000p\000p\000i\000n\000g}{}% 38
\BOOKMARK [2][-]{subsection.A.1}{\376\377\000E\000v\000i\000d\000e\000n\000c\000e\000\040\000P\000r\000o\000m\000o\000t\000i\000o\000n\000\040\000P\000o\000l\000i\000c\000y}{appendix.A}% 39
\BOOKMARK [2][-]{subsection.A.2}{\376\377\000A\000r\000t\000i\000f\000a\000c\000t\000\040\000C\000l\000a\000s\000s\000i\000f\000i\000c\000a\000t\000i\000o\000n}{appendix.A}% 40
\BOOKMARK [2][-]{subsection.A.3}{\376\377\000C\000l\000a\000i\000m\000-\000t\000o\000-\000E\000v\000i\000d\000e\000n\000c\000e\000\040\000M\000a\000p\000p\000i\000n\000g}{appendix.A}% 41
\BOOKMARK [2][-]{subsection.A.4}{\376\377\000R\000e\000p\000r\000o\000d\000u\000c\000t\000i\000o\000n\000\040\000E\000n\000t\000r\000y\000\040\000P\000o\000i\000n\000t\000s}{appendix.A}% 42
\BOOKMARK [2][-]{subsection.A.5}{\376\377\000R\000e\000l\000e\000a\000s\000e\000\040\000S\000n\000a\000p\000s\000h\000o\000t\000\040\000L\000i\000m\000i\000t\000a\000t\000i\000o\000n\000s}{appendix.A}% 43
\BOOKMARK [2][-]{subsection.A.6}{\376\377\000E\000x\000t\000e\000r\000n\000a\000l\000\040\000R\000u\000n\000t\000i\000m\000e\000\040\000C\000o\000m\000p\000a\000t\000i\000b\000i\000l\000i\000t\000y\000\040\000V\000a\000l\000i\000d\000a\000t\000i\000o\000n\000\040\000P\000r\000o\000v\000e\000n\000a\000n\000c\000e}{appendix.A}% 44
